[{"Field":"id","Type":"bigint unsigned","Null":"NO","Key":"PRI","Default":null,"Extra":"auto_increment"},{"Field":"user_id_talent","Type":"bigint unsigned","Null":"NO","Key":"MUL","Default":null,"Extra":""},{"Field":"title","Type":"varchar(255)","Null":"NO","Key":"","Default":null,"Extra":""},{"Field":"document_path","Type":"varchar(255)","Null":"NO","Key":"","Default":null,"Extra":""},{"Field":"status","Type":"enum('On Progress','Pending','Verified','Rejected')","Null":"NO","Key":"","Default":null,"Extra":""},{"Field":"verify_by","Type":"bigint unsigned","Null":"YES","Key":"MUL","Default":null,"Extra":""},{"Field":"verify_at","Type":"datetime","Null":"YES","Key":"","Default":null,"Extra":""},{"Field":"feedback","Type":"text","Null":"YES","Key":"","Default":null,"Extra":""},{"Field":"finance_feedback","Type":"text","Null":"YES","Key":"","Default":null,"Extra":""},{"Field":"created_at","Type":"timestamp","Null":"YES","Key":"","Default":null,"Extra":""},{"Field":"updated_at","Type":"timestamp","Null":"YES","Key":"","Default":null,"Extra":""}]